03-31 19:43:29.097    61    63 D dalvikvm: GC_CONCURRENT freed 942K, 44% free 4793K/8455K, external 1316K/1828K, paused 4ms+4ms
03-31 19:43:29.216    61    79 D dalvikvm: GC_FOR_MALLOC freed 506K, 44% free 4775K/8455K, external 1316K/1828K, paused 41ms
03-31 19:43:29.356    61    79 D dalvikvm: GC_FOR_MALLOC freed 500K, 44% free 4777K/8455K, external 1316K/1828K, paused 43ms
03-31 19:43:29.516    61    79 D dalvikvm: GC_FOR_MALLOC freed 498K, 44% free 4780K/8455K, external 1316K/1828K, paused 39ms
03-31 19:43:29.656    61    79 D dalvikvm: GC_FOR_MALLOC freed 498K, 44% free 4784K/8455K, external 1316K/1828K, paused 39ms
03-31 19:43:29.776    61    79 D dalvikvm: GC_FOR_MALLOC freed 497K, 44% free 4787K/8455K, external 1316K/1828K, paused 40ms
03-31 19:43:29.903    61    79 I PackageManager: Removing non-system package:com.example
03-31 19:43:29.903    61    74 I ActivityManager: Force stopping package com.example uid=10034
03-31 19:43:29.957    61    79 D PackageManager: Scanning package com.example
03-31 19:43:29.957    61    79 I PackageManager: Package com.example codePath changed from /data/app/com.example-1.apk to /data/app/com.example-2.apk; Retaining data and using new
03-31 19:43:29.957    61    79 I PackageManager: Unpacking native libraries for /data/app/com.example-2.apk
03-31 19:43:29.976    35    35 D installd: DexInv: --- BEGIN '/data/app/com.example-2.apk' ---
03-31 19:43:30.656   860   860 D dalvikvm: DexOpt: couldn't find field Landroid/graphics/BitmapFactory$Options;.inMutable
03-31 19:43:30.845   860   860 D dalvikvm: DexOpt: couldn't find static field
03-31 19:43:31.216   860   860 D dalvikvm: DexOpt: load 204ms, verify+opt 673ms
03-31 19:43:31.276    35    35 D installd: DexInv: --- END '/data/app/com.example-2.apk' (success) ---
03-31 19:43:31.286    61    79 W PackageManager: Code path for pkg : com.example changing from /data/app/com.example-1.apk to /data/app/com.example-2.apk
03-31 19:43:31.286    61    79 W PackageManager: Resource path for pkg : com.example changing from /data/app/com.example-1.apk to /data/app/com.example-2.apk
03-31 19:43:31.286    61    79 D PackageManager:   Activities: com.example.MainActivity
03-31 19:43:31.296    61    74 I ActivityManager: Force stopping package com.example uid=10034
03-31 19:43:31.326    35    35 I installd: move /data/dalvik-cache/data@app@com.example-2.apk@classes.dex -> /data/dalvik-cache/data@app@com.example-2.apk@classes.dex
03-31 19:43:31.326    61    79 D PackageManager: New package installed in /data/app/com.example-2.apk
03-31 19:43:31.376    61    79 I ActivityManager: Force stopping package com.example uid=10034
03-31 19:43:31.456    61    72 W RecognitionManagerService: no available voice recognition services found
03-31 19:43:31.685    61    79 D dalvikvm: GC_EXPLICIT freed 602K, 43% free 4884K/8455K, external 1316K/1828K, paused 85ms
03-31 19:43:31.696    35    35 I installd: unlink /data/dalvik-cache/data@app@com.example-1.apk@classes.dex
03-31 19:43:31.706   851   851 D AndroidRuntime: Shutting down VM
03-31 19:43:31.716   851   853 D dalvikvm: GC_CONCURRENT freed 101K, 72% free 295K/1024K, external 0K/0K, paused 1ms+1ms
03-31 19:43:31.716   851   855 D jdwp    : Got wake-up signal, bailing out of select
03-31 19:43:31.716   851   855 D dalvikvm: Debugger has detached; object registry had 1 entries
03-31 19:43:36.626   223   223 D dalvikvm: GC_EXPLICIT freed 145K, 55% free 2599K/5703K, external 716K/1038K, paused 34ms
03-31 19:43:41.645   298   298 D dalvikvm: GC_EXPLICIT freed 7K, 54% free 2546K/5511K, external 716K/1038K, paused 45ms
03-31 19:43:46.646   310   310 D dalvikvm: GC_EXPLICIT freed 129K, 54% free 2542K/5511K, external 716K/1038K, paused 32ms
03-31 19:44:57.436   871   871 D AndroidRuntime: 
03-31 19:44:57.436   871   871 D AndroidRuntime: >>>>>> AndroidRuntime START com.android.internal.os.RuntimeInit <<<<<<
03-31 19:44:57.436   871   871 D AndroidRuntime: CheckJNI is ON
03-31 19:44:57.816   871   871 D AndroidRuntime: Calling main entry com.android.commands.pm.Pm
03-31 19:44:57.896   298   305 D dalvikvm: GC_EXPLICIT freed 3K, 54% free 2548K/5511K, external 716K/1038K, paused 31ms
03-31 19:44:57.896    61    79 W ActivityManager: No content provider found for: 
03-31 19:44:58.015    61    79 W ActivityManager: No content provider found for: 
03-31 19:44:58.025    61    79 D PackageParser: Scanning package: /data/app/vmdl-2009377454.tmp
03-31 19:44:58.236    61    63 D dalvikvm: GC_CONCURRENT freed 937K, 44% free 4770K/8455K, external 1316K/1828K, paused 6ms+4ms
03-31 19:44:58.386    61    79 D dalvikvm: GC_FOR_MALLOC freed 573K, 44% free 4778K/8455K, external 1316K/1828K, paused 44ms
03-31 19:44:58.516    61    79 D dalvikvm: GC_FOR_MALLOC freed 556K, 44% free 4780K/8455K, external 1316K/1828K, paused 42ms
03-31 19:44:58.636    61    79 D dalvikvm: GC_FOR_MALLOC freed 554K, 44% free 4783K/8455K, external 1316K/1828K, paused 40ms
03-31 19:44:58.766    61    79 D dalvikvm: GC_FOR_MALLOC freed 555K, 44% free 4787K/8455K, external 1316K/1828K, paused 41ms
03-31 19:44:58.931    61    79 I PackageManager: Removing non-system package:com.example
03-31 19:44:58.931    61    74 I ActivityManager: Force stopping package com.example uid=10034
03-31 19:44:58.985    61    79 D PackageManager: Scanning package com.example
03-31 19:44:58.985    61    79 I PackageManager: Package com.example codePath changed from /data/app/com.example-2.apk to /data/app/com.example-1.apk; Retaining data and using new
03-31 19:44:58.985    61    79 I PackageManager: Unpacking native libraries for /data/app/com.example-1.apk
03-31 19:44:59.005    35    35 D installd: DexInv: --- BEGIN '/data/app/com.example-1.apk' ---
03-31 19:44:59.696   880   880 D dalvikvm: DexOpt: couldn't find field Landroid/graphics/BitmapFactory$Options;.inMutable
03-31 19:44:59.906   880   880 D dalvikvm: DexOpt: couldn't find static field
03-31 19:45:00.326   880   880 D dalvikvm: DexOpt: load 203ms, verify+opt 739ms
03-31 19:45:00.386    35    35 D installd: DexInv: --- END '/data/app/com.example-1.apk' (success) ---
03-31 19:45:00.386    61    79 W PackageManager: Code path for pkg : com.example changing from /data/app/com.example-2.apk to /data/app/com.example-1.apk
03-31 19:45:00.386    61    79 W PackageManager: Resource path for pkg : com.example changing from /data/app/com.example-2.apk to /data/app/com.example-1.apk
03-31 19:45:00.396    61    79 D PackageManager:   Activities: com.example.MainActivity
03-31 19:45:00.406    61    74 I ActivityManager: Force stopping package com.example uid=10034
03-31 19:45:00.436    35    35 I installd: move /data/dalvik-cache/data@app@com.example-1.apk@classes.dex -> /data/dalvik-cache/data@app@com.example-1.apk@classes.dex
03-31 19:45:00.446    61    79 D PackageManager: New package installed in /data/app/com.example-1.apk
03-31 19:45:00.496    61    79 D dalvikvm: GC_FOR_MALLOC freed 649K, 43% free 4891K/8455K, external 1316K/1828K, paused 48ms
03-31 19:45:00.546    61    79 I ActivityManager: Force stopping package com.example uid=10034
03-31 19:45:00.596   137   137 D dalvikvm: GC_EXPLICIT freed 44K, 50% free 2982K/5959K, external 2593K/3159K, paused 43ms
03-31 19:45:00.656   166   166 D dalvikvm: GC_EXPLICIT freed 159K, 53% free 2762K/5767K, external 716K/1038K, paused 55ms
03-31 19:45:00.706    61    72 W RecognitionManagerService: no available voice recognition services found
03-31 19:45:00.925    61    79 D dalvikvm: GC_EXPLICIT freed 714K, 48% free 4412K/8455K, external 1316K/1828K, paused 62ms
03-31 19:45:00.945    35    35 I installd: unlink /data/dalvik-cache/data@app@com.example-2.apk@classes.dex
03-31 19:45:00.945   871   871 D AndroidRuntime: Shutting down VM
03-31 19:45:00.955   871   873 D dalvikvm: GC_CONCURRENT freed 101K, 72% free 295K/1024K, external 0K/0K, paused 0ms+1ms
03-31 19:45:00.955   871   875 D jdwp    : Got wake-up signal, bailing out of select
03-31 19:45:00.955   871   875 D dalvikvm: Debugger has detached; object registry had 1 entries
03-31 19:45:01.606   886   886 D AndroidRuntime: 
03-31 19:45:01.606   886   886 D AndroidRuntime: >>>>>> AndroidRuntime START com.android.internal.os.RuntimeInit <<<<<<
03-31 19:45:01.606   886   886 D AndroidRuntime: CheckJNI is ON
03-31 19:45:02.056   886   886 D AndroidRuntime: Calling main entry com.android.commands.pm.Pm
03-31 19:45:02.156   298   308 D dalvikvm: GC_EXPLICIT freed 9K, 54% free 2549K/5511K, external 716K/1038K, paused 50ms
03-31 19:45:02.176    61    79 W ActivityManager: No content provider found for: 
03-31 19:45:02.326    61    79 W ActivityManager: No content provider found for: 
03-31 19:45:02.336    61    79 D PackageParser: Scanning package: /data/app/vmdl1137868548.tmp
03-31 19:45:02.496    61    63 D dalvikvm: GC_CONCURRENT freed 369K, 44% free 4743K/8455K, external 1316K/1828K, paused 5ms+4ms
03-31 19:45:02.656    61    79 D dalvikvm: GC_FOR_MALLOC freed 689K, 44% free 4780K/8455K, external 1316K/1828K, paused 41ms
03-31 19:45:02.796    61    79 D dalvikvm: GC_FOR_MALLOC freed 669K, 44% free 4783K/8455K, external 1316K/1828K, paused 42ms
03-31 19:45:02.936    61    79 D dalvikvm: GC_FOR_MALLOC freed 667K, 44% free 4787K/8455K, external 1316K/1828K, paused 42ms
03-31 19:45:03.066    61    79 D dalvikvm: GC_FOR_MALLOC freed 669K, 44% free 4792K/8455K, external 1316K/1828K, paused 41ms
03-31 19:45:03.176    61    79 I PackageManager: Removing non-system package:com.example
03-31 19:45:03.176    61    74 I ActivityManager: Force stopping package com.example uid=10034
03-31 19:45:03.226    61    79 D PackageManager: Scanning package com.example
03-31 19:45:03.226    61    79 I PackageManager: Package com.example codePath changed from /data/app/com.example-1.apk to /data/app/com.example-2.apk; Retaining data and using new
03-31 19:45:03.226    61    79 I PackageManager: Unpacking native libraries for /data/app/com.example-2.apk
03-31 19:45:03.246    35    35 D installd: DexInv: --- BEGIN '/data/app/com.example-2.apk' ---
03-31 19:45:03.966   895   895 D dalvikvm: DexOpt: couldn't find field Landroid/graphics/BitmapFactory$Options;.inMutable
03-31 19:45:04.146   895   895 D dalvikvm: DexOpt: couldn't find static field
03-31 19:45:04.496   895   895 D dalvikvm: DexOpt: load 229ms, verify+opt 651ms
03-31 19:45:04.566    35    35 D installd: DexInv: --- END '/data/app/com.example-2.apk' (success) ---
03-31 19:45:04.566    61    79 W PackageManager: Code path for pkg : com.example changing from /data/app/com.example-1.apk to /data/app/com.example-2.apk
03-31 19:45:04.566    61    79 W PackageManager: Resource path for pkg : com.example changing from /data/app/com.example-1.apk to /data/app/com.example-2.apk
03-31 19:45:04.566    61    79 D PackageManager:   Activities: com.example.MainActivity
03-31 19:45:04.586    61    74 I ActivityManager: Force stopping package com.example uid=10034
03-31 19:45:04.616    35    35 I installd: move /data/dalvik-cache/data@app@com.example-2.apk@classes.dex -> /data/dalvik-cache/data@app@com.example-2.apk@classes.dex
03-31 19:45:04.616    61    79 D PackageManager: New package installed in /data/app/com.example-2.apk
03-31 19:45:04.666    61    79 I ActivityManager: Force stopping package com.example uid=10034
03-31 19:45:04.726    61    72 W RecognitionManagerService: no available voice recognition services found
03-31 19:45:04.936    61    79 D dalvikvm: GC_EXPLICIT freed 501K, 43% free 4882K/8455K, external 1316K/1828K, paused 74ms
03-31 19:45:04.956    35    35 I installd: unlink /data/dalvik-cache/data@app@com.example-1.apk@classes.dex
03-31 19:45:04.956   886   886 D AndroidRuntime: Shutting down VM
03-31 19:45:04.966   886   888 D dalvikvm: GC_CONCURRENT freed 101K, 72% free 295K/1024K, external 0K/0K, paused 1ms+0ms
03-31 19:45:04.966   886   890 D jdwp    : Got wake-up signal, bailing out of select
03-31 19:45:04.966   886   890 D dalvikvm: Debugger has detached; object registry had 1 entries
03-31 19:45:05.096    61   130 D SntpClient: request time failed: java.net.SocketException: Address family not supported by protocol
03-31 19:45:09.896   223   223 D dalvikvm: GC_EXPLICIT freed 19K, 55% free 2598K/5703K, external 716K/1038K, paused 32ms
03-31 19:45:14.906   298   298 D dalvikvm: GC_EXPLICIT freed 7K, 54% free 2547K/5511K, external 716K/1038K, paused 45ms
03-31 19:45:19.926   310   310 D dalvikvm: GC_EXPLICIT freed 6K, 54% free 2540K/5511K, external 716K/1038K, paused 44ms
03-31 19:45:25.106   906   906 D AndroidRuntime: 
03-31 19:45:25.106   906   906 D AndroidRuntime: >>>>>> AndroidRuntime START com.android.internal.os.RuntimeInit <<<<<<
03-31 19:45:25.106   906   906 D AndroidRuntime: CheckJNI is ON
03-31 19:45:25.445   906   906 D AndroidRuntime: Calling main entry com.android.commands.pm.Pm
03-31 19:45:25.516   298   308 D dalvikvm: GC_EXPLICIT freed 4K, 54% free 2547K/5511K, external 716K/1038K, paused 33ms
03-31 19:45:25.516    61    79 W ActivityManager: No content provider found for: 
03-31 19:45:25.636    61    79 W ActivityManager: No content provider found for: 
03-31 19:45:25.646    61    79 D PackageParser: Scanning package: /data/app/vmdl1734122074.tmp
03-31 19:45:25.886    61    63 D dalvikvm: GC_CONCURRENT freed 938K, 44% free 4816K/8455K, external 1316K/1828K, paused 5ms+6ms
03-31 19:45:26.006    61    79 D dalvikvm: GC_FOR_MALLOC freed 567K, 44% free 4776K/8455K, external 1316K/1828K, paused 43ms
03-31 19:45:26.136    61    79 D dalvikvm: GC_FOR_MALLOC freed 556K, 44% free 4778K/8455K, external 1316K/1828K, paused 39ms
03-31 19:45:26.246    61    79 D dalvikvm: GC_FOR_MALLOC freed 554K, 44% free 4781K/8455K, external 1316K/1828K, paused 39ms
03-31 19:45:26.356    61    79 D dalvikvm: GC_FOR_MALLOC freed 555K, 44% free 4785K/8455K, external 1316K/1828K, paused 39ms
03-31 19:45:26.528    61    79 I PackageManager: Removing non-system package:com.example
03-31 19:45:26.528    61    74 I ActivityManager: Force stopping package com.example uid=10034
03-31 19:45:26.586    61    79 D PackageManager: Scanning package com.example
03-31 19:45:26.586    61    79 I PackageManager: Package com.example codePath changed from /data/app/com.example-2.apk to /data/app/com.example-1.apk; Retaining data and using new
03-31 19:45:26.586    61    79 I PackageManager: Unpacking native libraries for /data/app/com.example-1.apk
03-31 19:45:26.606    35    35 D installd: DexInv: --- BEGIN '/data/app/com.example-1.apk' ---
03-31 19:45:27.276   915   915 D dalvikvm: DexOpt: couldn't find field Landroid/graphics/BitmapFactory$Options;.inMutable
03-31 19:45:27.466   915   915 D dalvikvm: DexOpt: couldn't find static field
03-31 19:45:27.846   915   915 D dalvikvm: DexOpt: load 196ms, verify+opt 671ms
03-31 19:45:27.896    35    35 D installd: DexInv: --- END '/data/app/com.example-1.apk' (success) ---
03-31 19:45:27.906    61    79 W PackageManager: Code path for pkg : com.example changing from /data/app/com.example-2.apk to /data/app/com.example-1.apk
03-31 19:45:27.906    61    79 W PackageManager: Resource path for pkg : com.example changing from /data/app/com.example-2.apk to /data/app/com.example-1.apk
03-31 19:45:27.906    61    79 D PackageManager:   Activities: com.example.MainActivity
03-31 19:45:27.916    61    74 I ActivityManager: Force stopping package com.example uid=10034
03-31 19:45:27.966    35    35 I installd: move /data/dalvik-cache/data@app@com.example-1.apk@classes.dex -> /data/dalvik-cache/data@app@com.example-1.apk@classes.dex
03-31 19:45:27.966    61    79 D PackageManager: New package installed in /data/app/com.example-1.apk
03-31 19:45:28.006    61    79 D dalvikvm: GC_FOR_MALLOC freed 645K, 43% free 4888K/8455K, external 1316K/1828K, paused 40ms
03-31 19:45:28.059    61    79 I ActivityManager: Force stopping package com.example uid=10034
03-31 19:45:28.106   137   137 D dalvikvm: GC_EXPLICIT freed 38K, 50% free 3030K/5959K, external 2593K/3159K, paused 41ms
03-31 19:45:28.176   166   166 D dalvikvm: GC_EXPLICIT freed 143K, 53% free 2762K/5767K, external 716K/1038K, paused 56ms
03-31 19:45:28.216    61    72 W RecognitionManagerService: no available voice recognition services found
03-31 19:45:28.396    61    79 D dalvikvm: GC_EXPLICIT freed 714K, 48% free 4409K/8455K, external 1316K/1828K, paused 62ms
03-31 19:45:28.405    35    35 I installd: unlink /data/dalvik-cache/data@app@com.example-2.apk@classes.dex
03-31 19:45:28.416   906   906 D AndroidRuntime: Shutting down VM
03-31 19:45:28.425   906   908 D dalvikvm: GC_CONCURRENT freed 101K, 72% free 295K/1024K, external 0K/0K, paused 1ms+0ms
03-31 19:45:28.425   906   910 D jdwp    : Got wake-up signal, bailing out of select
03-31 19:45:28.425   906   910 D dalvikvm: Debugger has detached; object registry had 1 entries
03-31 19:45:29.056   921   921 D AndroidRuntime: 
03-31 19:45:29.056   921   921 D AndroidRuntime: >>>>>> AndroidRuntime START com.android.internal.os.RuntimeInit <<<<<<
03-31 19:45:29.056   921   921 D AndroidRuntime: CheckJNI is ON
03-31 19:45:29.456   921   921 D AndroidRuntime: Calling main entry com.android.commands.pm.Pm
03-31 19:45:29.546   298   307 D dalvikvm: GC_EXPLICIT freed 9K, 54% free 2549K/5511K, external 716K/1038K, paused 40ms
03-31 19:45:29.566    61    79 W ActivityManager: No content provider found for: 
03-31 19:45:29.716    61    79 W ActivityManager: No content provider found for: 
03-31 19:45:29.726    61    79 D PackageParser: Scanning package: /data/app/vmdl197218784.tmp
03-31 19:45:29.916    61    63 D dalvikvm: GC_CONCURRENT freed 364K, 44% free 4756K/8455K, external 1316K/1828K, paused 5ms+4ms
03-31 19:45:30.076    61    79 D dalvikvm: GC_FOR_MALLOC freed 719K, 44% free 4779K/8455K, external 1316K/1828K, paused 39ms
03-31 19:45:30.206    61    79 D dalvikvm: GC_FOR_MALLOC freed 707K, 44% free 4783K/8455K, external 1316K/1828K, paused 38ms
03-31 19:45:30.345    61    79 D dalvikvm: GC_FOR_MALLOC freed 716K, 44% free 4788K/8455K, external 1316K/1828K, paused 38ms
03-31 19:45:30.529    61    79 I PackageManager: Removing non-system package:com.example
03-31 19:45:30.529    61    74 I ActivityManager: Force stopping package com.example uid=10034
03-31 19:45:30.576    61    79 D PackageManager: Scanning package com.example
03-31 19:45:30.576    61    79 I PackageManager: Package com.example codePath changed from /data/app/com.example-1.apk to /data/app/com.example-2.apk; Retaining data and using new
03-31 19:45:30.576    61    79 I PackageManager: Unpacking native libraries for /data/app/com.example-2.apk
03-31 19:45:30.686    61    63 D dalvikvm: GC_CONCURRENT freed 742K, 43% free 4871K/8455K, external 1316K/1828K, paused 5ms+9ms
03-31 19:45:30.706    35    35 D installd: DexInv: --- BEGIN '/data/app/com.example-2.apk' ---
03-31 19:45:31.416   930   930 D dalvikvm: DexOpt: couldn't find field Landroid/graphics/BitmapFactory$Options;.inMutable
03-31 19:45:31.636   930   930 D dalvikvm: DexOpt: couldn't find static field
03-31 19:45:32.136   930   930 D dalvikvm: DexOpt: load 231ms, verify+opt 837ms
03-31 19:45:32.196    35    35 D installd: DexInv: --- END '/data/app/com.example-2.apk' (success) ---
03-31 19:45:32.206    61    79 W PackageManager: Code path for pkg : com.example changing from /data/app/com.example-1.apk to /data/app/com.example-2.apk
03-31 19:45:32.206    61    79 W PackageManager: Resource path for pkg : com.example changing from /data/app/com.example-1.apk to /data/app/com.example-2.apk
03-31 19:45:32.206    61    79 D PackageManager:   Activities: com.example.MainActivity
03-31 19:45:32.216    61    74 I ActivityManager: Force stopping package com.example uid=10034
03-31 19:45:32.246    35    35 I installd: move /data/dalvik-cache/data@app@com.example-2.apk@classes.dex -> /data/dalvik-cache/data@app@com.example-2.apk@classes.dex
03-31 19:45:32.246    61    79 D PackageManager: New package installed in /data/app/com.example-2.apk
03-31 19:45:32.295    61    79 I ActivityManager: Force stopping package com.example uid=10034
03-31 19:45:32.366    61    72 W RecognitionManagerService: no available voice recognition services found
03-31 19:45:32.526    61    79 D dalvikvm: GC_EXPLICIT freed 725K, 47% free 4483K/8455K, external 1316K/1828K, paused 60ms
03-31 19:45:32.556    35    35 I installd: unlink /data/dalvik-cache/data@app@com.example-1.apk@classes.dex
03-31 19:45:32.556   921   921 D AndroidRuntime: Shutting down VM
03-31 19:45:32.566   921   923 D dalvikvm: GC_CONCURRENT freed 101K, 72% free 295K/1024K, external 0K/0K, paused 1ms+0ms
03-31 19:45:32.566   921   925 D jdwp    : Got wake-up signal, bailing out of select
03-31 19:45:32.566   921   925 D dalvikvm: Debugger has detached; object registry had 1 entries
03-31 19:46:33.416   936   936 D AndroidRuntime: 
03-31 19:46:33.416   936   936 D AndroidRuntime: >>>>>> AndroidRuntime START com.android.internal.os.RuntimeInit <<<<<<
03-31 19:46:33.416   936   936 D AndroidRuntime: CheckJNI is ON
03-31 19:46:33.776   936   936 D AndroidRuntime: Calling main entry com.android.commands.monkey.Monkey
03-31 19:46:34.456    61    67 I ActivityManager: Starting: Intent { act=android.intent.action.MAIN cat=[android.intent.category.LAUNCHER] flg=0x10000000 cmp=com.example/.MainActivity } from pid 936
03-31 19:46:34.526    61   177 I ActivityManager: Start proc com.example for activity com.example/.MainActivity: pid=945 uid=10034 gids={}
03-31 19:46:35.466   945   945 D AndroidRuntime: Shutting down VM
03-31 19:46:35.466   945   945 W dalvikvm: threadid=1: thread exiting with uncaught exception (group=0x40015560)
03-31 19:46:35.476   945   945 E AndroidRuntime: FATAL EXCEPTION: main
03-31 19:46:35.476   945   945 E AndroidRuntime: java.lang.RuntimeException: Unable to start activity ComponentInfo{com.example/com.example.MainActivity}: java.lang.NullPointerException
03-31 19:46:35.476   945   945 E AndroidRuntime: 	at android.app.ActivityThread.performLaunchActivity(ActivityThread.java:1647)
03-31 19:46:35.476   945   945 E AndroidRuntime: 	at android.app.ActivityThread.handleLaunchActivity(ActivityThread.java:1663)
03-31 19:46:35.476   945   945 E AndroidRuntime: 	at android.app.ActivityThread.access$1500(ActivityThread.java:117)
03-31 19:46:35.476   945   945 E AndroidRuntime: 	at android.app.ActivityThread$H.handleMessage(ActivityThread.java:931)
03-31 19:46:35.476   945   945 E AndroidRuntime: 	at android.os.Handler.dispatchMessage(Handler.java:99)
03-31 19:46:35.476   945   945 E AndroidRuntime: 	at android.os.Looper.loop(Looper.java:123)
03-31 19:46:35.476   945   945 E AndroidRuntime: 	at android.app.ActivityThread.main(ActivityThread.java:3683)
03-31 19:46:35.476   945   945 E AndroidRuntime: 	at java.lang.reflect.Method.invokeNative(Native Method)
03-31 19:46:35.476   945   945 E AndroidRuntime: 	at java.lang.reflect.Method.invoke(Method.java:507)
03-31 19:46:35.476   945   945 E AndroidRuntime: 	at com.android.internal.os.ZygoteInit$MethodAndArgsCaller.run(ZygoteInit.java:839)
03-31 19:46:35.476   945   945 E AndroidRuntime: 	at com.android.internal.os.ZygoteInit.main(ZygoteInit.java:597)
03-31 19:46:35.476   945   945 E AndroidRuntime: 	at dalvik.system.NativeStart.main(Native Method)
03-31 19:46:35.476   945   945 E AndroidRuntime: Caused by: java.lang.NullPointerException
03-31 19:46:35.476   945   945 E AndroidRuntime: 	at com.android.internal.os.LoggingPrintStream.println(LoggingPrintStream.java:298)
03-31 19:46:35.476   945   945 E AndroidRuntime: 	at com.example.MainActivity.onCreate(MainActivity.java:21)
03-31 19:46:35.476   945   945 E AndroidRuntime: 	at android.app.Instrumentation.callActivityOnCreate(Instrumentation.java:1047)
03-31 19:46:35.476   945   945 E AndroidRuntime: 	at android.app.ActivityThread.performLaunchActivity(ActivityThread.java:1611)
03-31 19:46:35.476   945   945 E AndroidRuntime: 	... 11 more
03-31 19:46:35.486    61    67 W ActivityManager: Force-killing crashed app com.example at watcher's request
03-31 19:46:35.486    61    67 I Process : Sending signal. PID: 945 SIG: 9
03-31 19:46:35.496    61   176 I ActivityManager: Process com.example (pid 945) has died.
03-31 19:46:35.616    61    68 W InputManagerService: Window already focused, ignoring focus gain of: com.android.internal.view.IInputMethodClient$Stub$Proxy@40723ed0
03-31 19:46:36.726   957   957 I dumpstate: begin
03-31 19:46:36.726    61    64 I dalvikvm: threadid=4: reacting to signal 3
03-31 19:46:36.756    61    64 I dalvikvm: Wrote stack traces to '/data/anr/traces.txt'
03-31 19:46:36.756   107   111 I dalvikvm: threadid=4: reacting to signal 3
03-31 19:46:36.766   107   111 I dalvikvm: Wrote stack traces to '/data/anr/traces.txt'
03-31 19:46:36.766   120   123 I dalvikvm: threadid=4: reacting to signal 3
03-31 19:46:36.776   120   123 I dalvikvm: Wrote stack traces to '/data/anr/traces.txt'
03-31 19:46:36.776   132   140 I dalvikvm: threadid=4: reacting to signal 3
03-31 19:46:36.786   132   140 I dalvikvm: Wrote stack traces to '/data/anr/traces.txt'
03-31 19:46:36.796   137   143 I dalvikvm: threadid=4: reacting to signal 3
03-31 19:46:36.806   137   143 I dalvikvm: Wrote stack traces to '/data/anr/traces.txt'
03-31 19:46:36.806   166   169 I dalvikvm: threadid=4: reacting to signal 3
03-31 19:46:36.806   166   169 I dalvikvm: Wrote stack traces to '/data/anr/traces.txt'
03-31 19:46:36.806   181   186 I dalvikvm: threadid=4: reacting to signal 3
03-31 19:46:36.816   181   186 I dalvikvm: Wrote stack traces to '/data/anr/traces.txt'
03-31 19:46:36.816   198   201 I dalvikvm: threadid=4: reacting to signal 3
03-31 19:46:36.826   198   201 I dalvikvm: Wrote stack traces to '/data/anr/traces.txt'
03-31 19:46:36.826   207   210 I dalvikvm: threadid=4: reacting to signal 3
03-31 19:46:36.826   207   210 I dalvikvm: Wrote stack traces to '/data/anr/traces.txt'
03-31 19:46:36.826   215   218 I dalvikvm: threadid=4: reacting to signal 3
03-31 19:46:36.836   215   218 I dalvikvm: Wrote stack traces to '/data/anr/traces.txt'
03-31 19:46:36.836   223   226 I dalvikvm: threadid=4: reacting to signal 3
03-31 19:46:36.845   223   226 I dalvikvm: Wrote stack traces to '/data/anr/traces.txt'
03-31 19:46:36.845   231   234 I dalvikvm: threadid=4: reacting to signal 3
03-31 19:46:36.845   231   234 I dalvikvm: Wrote stack traces to '/data/anr/traces.txt'
03-31 19:46:36.845   243   247 I dalvikvm: threadid=4: reacting to signal 3
03-31 19:46:36.856   243   247 I dalvikvm: Wrote stack traces to '/data/anr/traces.txt'
03-31 19:46:36.856   263   267 I dalvikvm: threadid=4: reacting to signal 3
03-31 19:46:36.866   263   267 I dalvikvm: Wrote stack traces to '/data/anr/traces.txt'
03-31 19:46:36.866   298   301 I dalvikvm: threadid=4: reacting to signal 3
03-31 19:46:36.876   298   301 I dalvikvm: Wrote stack traces to '/data/anr/traces.txt'
03-31 19:46:36.876   310   313 I dalvikvm: threadid=4: reacting to signal 3
03-31 19:46:36.876   310   313 I dalvikvm: Wrote stack traces to '/data/anr/traces.txt'
03-31 19:46:43.046    29    50 D VoldCmdListener: asec list
03-31 19:46:46.476    61    63 D dalvikvm: GC_CONCURRENT freed 892K, 48% free 4412K/8455K, external 1316K/1828K, paused 4ms+5ms
03-31 19:46:46.886    61    63 D dalvikvm: GC_CONCURRENT freed 784K, 48% free 4431K/8455K, external 1316K/1828K, paused 4ms+4ms
03-31 19:46:47.336    61    63 D dalvikvm: GC_CONCURRENT freed 818K, 48% free 4420K/8455K, external 1316K/1828K, paused 4ms+4ms
03-31 19:46:47.796    61    63 D dalvikvm: GC_CONCURRENT freed 801K, 48% free 4420K/8455K, external 1316K/1828K, paused 4ms+4ms
03-31 19:46:48.366    61    63 D dalvikvm: GC_CONCURRENT freed 800K, 48% free 4424K/8455K, external 1316K/1828K, paused 4ms+4ms
03-31 19:46:48.776    61    63 D dalvikvm: GC_CONCURRENT freed 826K, 48% free 4404K/8455K, external 1316K/1828K, paused 4ms+4ms
03-31 19:46:48.986    61    63 D dalvikvm: GC_CONCURRENT freed 774K, 48% free 4432K/8455K, external 1316K/1828K, paused 4ms+5ms
03-31 19:46:49.186    61    63 D dalvikvm: GC_CONCURRENT freed 814K, 48% free 4426K/8455K, external 1316K/1828K, paused 4ms+3ms
03-31 19:46:50.236    61    63 D dalvikvm: GC_CONCURRENT freed 823K, 48% free 4405K/8455K, external 1316K/1828K, paused 3ms+3ms
03-31 19:46:50.756    61    68 D dalvikvm: GC_FOR_MALLOC freed 797K, 48% free 4409K/8455K, external 1316K/1828K, paused 48ms
03-31 19:46:51.486    61    63 D dalvikvm: GC_CONCURRENT freed 804K, 48% free 4408K/8455K, external 1316K/1828K, paused 4ms+25ms
03-31 19:46:52.216    61    63 D dalvikvm: GC_CONCURRENT freed 802K, 48% free 4409K/8455K, external 1316K/1828K, paused 4ms+6ms
03-31 19:46:52.615    38    38 D qemud   : fdhandler_accept_event: accepting on fd 9
03-31 19:46:52.615    38    38 D qemud   : created client 0xc038 listening on fd 13
03-31 19:46:52.615    38    38 D qemud   : client_fd_receive: attempting registration for service 'sensors'
03-31 19:46:52.615    38    38 D qemud   : client_fd_receive:    -> received channel id 13
03-31 19:46:52.625    38    38 D qemud   : client_registration: registration succeeded for client 13
03-31 19:46:52.635    38    38 D qemud   : fdhandler_event: disconnect on fd 13
03-31 19:46:52.806    61    63 D dalvikvm: GC_CONCURRENT freed 810K, 48% free 4400K/8455K, external 1316K/1828K, paused 3ms+9ms
03-31 19:46:53.149   957   957 I dumpstate: done
03-31 19:48:01.456   978   978 D AndroidRuntime: 
03-31 19:48:01.456   978   978 D AndroidRuntime: >>>>>> AndroidRuntime START com.android.internal.os.RuntimeInit <<<<<<
03-31 19:48:01.456   978   978 D AndroidRuntime: CheckJNI is ON
03-31 19:48:01.836   978   978 D AndroidRuntime: Calling main entry com.android.commands.monkey.Monkey
03-31 19:48:02.556    61   176 I ActivityManager: Starting: Intent { act=android.intent.action.MAIN cat=[android.intent.category.LAUNCHER] flg=0x10000000 cmp=com.example/.MainActivity } from pid 978
03-31 19:48:02.586    61   177 I ActivityManager: Start proc com.example for activity com.example/.MainActivity: pid=987 uid=10034 gids={}
03-31 19:48:03.626   987   987 D AndroidRuntime: Shutting down VM
03-31 19:48:03.626   987   987 W dalvikvm: threadid=1: thread exiting with uncaught exception (group=0x40015560)
03-31 19:48:03.646   987   987 E AndroidRuntime: FATAL EXCEPTION: main
03-31 19:48:03.646   987   987 E AndroidRuntime: java.lang.RuntimeException: Unable to start activity ComponentInfo{com.example/com.example.MainActivity}: java.lang.NullPointerException
03-31 19:48:03.646   987   987 E AndroidRuntime: 	at android.app.ActivityThread.performLaunchActivity(ActivityThread.java:1647)
03-31 19:48:03.646   987   987 E AndroidRuntime: 	at android.app.ActivityThread.handleLaunchActivity(ActivityThread.java:1663)
03-31 19:48:03.646   987   987 E AndroidRuntime: 	at android.app.ActivityThread.access$1500(ActivityThread.java:117)
03-31 19:48:03.646   987   987 E AndroidRuntime: 	at android.app.ActivityThread$H.handleMessage(ActivityThread.java:931)
03-31 19:48:03.646   987   987 E AndroidRuntime: 	at android.os.Handler.dispatchMessage(Handler.java:99)
03-31 19:48:03.646   987   987 E AndroidRuntime: 	at android.os.Looper.loop(Looper.java:123)
03-31 19:48:03.646   987   987 E AndroidRuntime: 	at android.app.ActivityThread.main(ActivityThread.java:3683)
03-31 19:48:03.646   987   987 E AndroidRuntime: 	at java.lang.reflect.Method.invokeNative(Native Method)
03-31 19:48:03.646   987   987 E AndroidRuntime: 	at java.lang.reflect.Method.invoke(Method.java:507)
03-31 19:48:03.646   987   987 E AndroidRuntime: 	at com.android.internal.os.ZygoteInit$MethodAndArgsCaller.run(ZygoteInit.java:839)
03-31 19:48:03.646   987   987 E AndroidRuntime: 	at com.android.internal.os.ZygoteInit.main(ZygoteInit.java:597)
03-31 19:48:03.646   987   987 E AndroidRuntime: 	at dalvik.system.NativeStart.main(Native Method)
03-31 19:48:03.646   987   987 E AndroidRuntime: Caused by: java.lang.NullPointerException
03-31 19:48:03.646   987   987 E AndroidRuntime: 	at com.android.internal.os.LoggingPrintStream.println(LoggingPrintStream.java:298)
03-31 19:48:03.646   987   987 E AndroidRuntime: 	at com.example.MainActivity.onCreate(MainActivity.java:21)
03-31 19:48:03.646   987   987 E AndroidRuntime: 	at android.app.Instrumentation.callActivityOnCreate(Instrumentation.java:1047)
03-31 19:48:03.646   987   987 E AndroidRuntime: 	at android.app.ActivityThread.performLaunchActivity(ActivityThread.java:1611)
03-31 19:48:03.646   987   987 E AndroidRuntime: 	... 11 more
03-31 19:48:03.656    61   176 W ActivityManager: Force-killing crashed app com.example at watcher's request
03-31 19:48:03.656    61   176 I Process : Sending signal. PID: 987 SIG: 9
03-31 19:48:03.676    61   172 I ActivityManager: Process com.example (pid 987) has died.
03-31 19:48:03.786    61   176 W InputManagerService: Window already focused, ignoring focus gain of: com.android.internal.view.IInputMethodClient$Stub$Proxy@40707780
